[debug] [2026-04-29T18:48:03.221Z] ----------------------------------------------------------------------
[debug] [2026-04-29T18:48:03.223Z] Command:       C:\Program Files\nodejs\node.exe C:\Users\isaac\AppData\Roaming\npm\node_modules\firebase-tools\lib\bin\firebase.js deploy --only functions
[debug] [2026-04-29T18:48:03.223Z] CLI Version:   15.15.0
[debug] [2026-04-29T18:48:03.224Z] Platform:      win32
[debug] [2026-04-29T18:48:03.224Z] Node Version:  v24.12.0
[debug] [2026-04-29T18:48:03.224Z] Time:          Wed Apr 29 2026 12:48:03 GMT-0600 (Central Standard Time)
[debug] [2026-04-29T18:48:03.224Z] ----------------------------------------------------------------------
[debug] 
[debug] [2026-04-29T18:48:05.118Z] > command requires scopes: ["email","openid","https://www.googleapis.com/auth/cloudplatformprojects.readonly","https://www.googleapis.com/auth/firebase","https://www.googleapis.com/auth/cloud-platform"]
[debug] [2026-04-29T18:48:05.118Z] > authorizing via signed-in user (isaacalberto0836@gmail.com)
[debug] [2026-04-29T18:48:05.118Z] [iam] checking project koruapp-cfcd4 for permissions ["cloudfunctions.functions.create","cloudfunctions.functions.delete","cloudfunctions.functions.get","cloudfunctions.functions.list","cloudfunctions.functions.update","cloudfunctions.operations.get","firebase.projects.get"]
[debug] [2026-04-29T18:48:05.119Z] Checked if tokens are valid: true, expires at: 1777491779660
[debug] [2026-04-29T18:48:05.119Z] Checked if tokens are valid: true, expires at: 1777491779660
[debug] [2026-04-29T18:48:05.120Z] >>> [apiv2][query] POST https://cloudresourcemanager.googleapis.com/v1/projects/koruapp-cfcd4:testIamPermissions [none]
[debug] [2026-04-29T18:48:05.120Z] >>> [apiv2][(partial)header] POST https://cloudresourcemanager.googleapis.com/v1/projects/koruapp-cfcd4:testIamPermissions  x-goog-user-project=koruapp-cfcd4
[debug] [2026-04-29T18:48:05.120Z] >>> [apiv2][body] POST https://cloudresourcemanager.googleapis.com/v1/projects/koruapp-cfcd4:testIamPermissions {"permissions":["cloudfunctions.functions.create","cloudfunctions.functions.delete","cloudfunctions.functions.get","cloudfunctions.functions.list","cloudfunctions.functions.update","cloudfunctions.operations.get","firebase.projects.get"]}
[debug] [2026-04-29T18:48:05.542Z] <<< [apiv2][status] POST https://cloudresourcemanager.googleapis.com/v1/projects/koruapp-cfcd4:testIamPermissions 200
[debug] [2026-04-29T18:48:05.542Z] <<< [apiv2][body] POST https://cloudresourcemanager.googleapis.com/v1/projects/koruapp-cfcd4:testIamPermissions {"permissions":["cloudfunctions.functions.create","cloudfunctions.functions.delete","cloudfunctions.functions.get","cloudfunctions.functions.list","cloudfunctions.functions.update","cloudfunctions.operations.get","firebase.projects.get"]}
[debug] [2026-04-29T18:48:05.542Z] Checked if tokens are valid: true, expires at: 1777491779660
[debug] [2026-04-29T18:48:05.542Z] Checked if tokens are valid: true, expires at: 1777491779660
[debug] [2026-04-29T18:48:05.542Z] >>> [apiv2][query] POST https://iam.googleapis.com/v1/projects/koruapp-cfcd4/serviceAccounts/koruapp-cfcd4@appspot.gserviceaccount.com:testIamPermissions [none]
[debug] [2026-04-29T18:48:05.542Z] >>> [apiv2][body] POST https://iam.googleapis.com/v1/projects/koruapp-cfcd4/serviceAccounts/koruapp-cfcd4@appspot.gserviceaccount.com:testIamPermissions {"permissions":["iam.serviceAccounts.actAs"]}
[debug] [2026-04-29T18:48:06.065Z] <<< [apiv2][status] POST https://iam.googleapis.com/v1/projects/koruapp-cfcd4/serviceAccounts/koruapp-cfcd4@appspot.gserviceaccount.com:testIamPermissions 404
[debug] [2026-04-29T18:48:06.065Z] <<< [apiv2][body] POST https://iam.googleapis.com/v1/projects/koruapp-cfcd4/serviceAccounts/koruapp-cfcd4@appspot.gserviceaccount.com:testIamPermissions {"error":{"code":404,"message":"Unknown service account","status":"NOT_FOUND"}}
[debug] [2026-04-29T18:48:06.065Z] [functions] service account IAM check errored, deploy may fail: Request to https://iam.googleapis.com/v1/projects/koruapp-cfcd4/serviceAccounts/koruapp-cfcd4@appspot.gserviceaccount.com:testIamPermissions had HTTP Error: 404, Unknown service account {"name":"FirebaseError","children":[],"context":{"body":{"error":{"code":404,"message":"Unknown service account","status":"NOT_FOUND"}},"response":{"statusCode":404}},"exit":1,"message":"Request to https://iam.googleapis.com/v1/projects/koruapp-cfcd4/serviceAccounts/koruapp-cfcd4@appspot.gserviceaccount.com:testIamPermissions had HTTP Error: 404, Unknown service account","status":404}
[info] 
[info] === Deploying to 'koruapp-cfcd4'...
[info] 
[info] i  deploying functions 
[info] Running command: npm --prefix "$RESOURCE_DIR" run lint
[info] +  functions: Finished running predeploy script. 
[debug] [2026-04-29T18:48:09.414Z] Checked if tokens are valid: true, expires at: 1777491779660
[debug] [2026-04-29T18:48:09.414Z] Checked if tokens are valid: true, expires at: 1777491779660
[debug] [2026-04-29T18:48:09.414Z] >>> [apiv2][query] GET https://cloudresourcemanager.googleapis.com/v1/projects/koruapp-cfcd4 [none]
[debug] [2026-04-29T18:48:09.510Z] <<< [apiv2][status] GET https://cloudresourcemanager.googleapis.com/v1/projects/koruapp-cfcd4 200
[debug] [2026-04-29T18:48:09.511Z] <<< [apiv2][body] GET https://cloudresourcemanager.googleapis.com/v1/projects/koruapp-cfcd4 {"projectNumber":"79285172899","projectId":"koruapp-cfcd4","lifecycleState":"ACTIVE","name":"KoruApp","labels":{"firebase":"enabled","firebase-core":"disabled"},"createTime":"2026-04-10T20:28:59.041Z"}
[info] i  functions: preparing codebase default for deployment 
[info] i  functions: ensuring required API cloudfunctions.googleapis.com is enabled... 
[info] i  functions: ensuring required API cloudbuild.googleapis.com is enabled... 
[info] i  artifactregistry: ensuring required API artifactregistry.googleapis.com is enabled... 
[debug] [2026-04-29T18:48:09.513Z] Checked if tokens are valid: true, expires at: 1777491779660
[debug] [2026-04-29T18:48:09.513Z] Checked if tokens are valid: true, expires at: 1777491779660
[debug] [2026-04-29T18:48:09.513Z] >>> [apiv2][query] GET https://firebase.googleapis.com/v1beta1/projects/koruapp-cfcd4/adminSdkConfig [none]
[debug] [2026-04-29T18:48:10.135Z] <<< [apiv2][status] GET https://firebase.googleapis.com/v1beta1/projects/koruapp-cfcd4/adminSdkConfig 200
[debug] [2026-04-29T18:48:10.135Z] <<< [apiv2][body] GET https://firebase.googleapis.com/v1beta1/projects/koruapp-cfcd4/adminSdkConfig {"projectId":"koruapp-cfcd4","storageBucket":"koruapp-cfcd4.firebasestorage.app"}
[debug] [2026-04-29T18:48:10.137Z] Validating nodejs source
[debug] [2026-04-29T18:48:11.335Z] > [functions] package.json contents: {
  "name": "functions",
  "description": "Cloud Functions for Firebase",
  "scripts": {
    "lint": "eslint .",
    "serve": "firebase emulators:start --only functions",
    "shell": "firebase functions:shell",
    "start": "npm run shell",
    "deploy": "firebase deploy --only functions",
    "logs": "firebase functions:log"
  },
  "engines": {
    "node": "24"
  },
  "main": "index.js",
  "dependencies": {
    "firebase-admin": "^13.6.0",
    "firebase-functions": "^7.0.0"
  },
  "devDependencies": {
    "eslint": "^8.15.0",
    "eslint-config-google": "^0.14.0",
    "firebase-functions-test": "^3.4.1"
  },
  "private": true
}
[debug] [2026-04-29T18:48:11.335Z] Building nodejs source
[info] i  functions: Loading and analyzing source code for codebase default to determine what to deploy 
[debug] [2026-04-29T18:48:11.337Z] Could not find functions.yaml. Must use http discovery
[debug] [2026-04-29T18:48:11.344Z] Found firebase-functions binary at 'C:\Users\isaac\reactnative\Koru-app\KoruApp\functions\node_modules\.bin\firebase-functions'
[info] Serving at port 8971

[debug] [2026-04-29T18:48:12.253Z] Got response from /__/functions.yaml {"endpoints":{"obtenerPrediccion":{"availableMemoryMb":null,"timeoutSeconds":null,"minInstances":null,"maxInstances":null,"ingressSettings":null,"concurrency":null,"serviceAccountEmail":null,"vpc":null,"platform":"gcfv2","labels":{},"httpsTrigger":{},"entryPoint":"obtenerPrediccion"}},"specVersion":"v1alpha1","requiredAPIs":[],"extensions":{}}
[info] i  extensions: ensuring required API firebaseextensions.googleapis.com is enabled... 
[debug] [2026-04-29T18:48:16.280Z] > command requires scopes: ["email","openid","https://www.googleapis.com/auth/cloudplatformprojects.readonly","https://www.googleapis.com/auth/firebase","https://www.googleapis.com/auth/cloud-platform"]
[debug] [2026-04-29T18:48:16.280Z] > authorizing via signed-in user (isaacalberto0836@gmail.com)
[debug] [2026-04-29T18:48:16.280Z] [iam] checking project koruapp-cfcd4 for permissions ["firebase.projects.get","firebaseextensions.instances.list"]
[debug] [2026-04-29T18:48:16.280Z] Checked if tokens are valid: true, expires at: 1777491779660
[debug] [2026-04-29T18:48:16.280Z] Checked if tokens are valid: true, expires at: 1777491779660
[debug] [2026-04-29T18:48:16.280Z] >>> [apiv2][query] POST https://cloudresourcemanager.googleapis.com/v1/projects/koruapp-cfcd4:testIamPermissions [none]
[debug] [2026-04-29T18:48:16.280Z] >>> [apiv2][(partial)header] POST https://cloudresourcemanager.googleapis.com/v1/projects/koruapp-cfcd4:testIamPermissions  x-goog-user-project=koruapp-cfcd4
[debug] [2026-04-29T18:48:16.280Z] >>> [apiv2][body] POST https://cloudresourcemanager.googleapis.com/v1/projects/koruapp-cfcd4:testIamPermissions {"permissions":["firebase.projects.get","firebaseextensions.instances.list"]}
[debug] [2026-04-29T18:48:16.602Z] <<< [apiv2][status] POST https://cloudresourcemanager.googleapis.com/v1/projects/koruapp-cfcd4:testIamPermissions 200
[debug] [2026-04-29T18:48:16.602Z] <<< [apiv2][body] POST https://cloudresourcemanager.googleapis.com/v1/projects/koruapp-cfcd4:testIamPermissions {"permissions":["firebase.projects.get","firebaseextensions.instances.list"]}
[debug] [2026-04-29T18:48:16.602Z] Checked if tokens are valid: true, expires at: 1777491779660
[debug] [2026-04-29T18:48:16.602Z] Checked if tokens are valid: true, expires at: 1777491779660
[debug] [2026-04-29T18:48:16.602Z] >>> [apiv2][query] GET https://firebaseextensions.googleapis.com/v1beta/projects/koruapp-cfcd4/instances pageSize=100&pageToken=
[debug] [2026-04-29T18:48:17.088Z] <<< [apiv2][status] GET https://firebaseextensions.googleapis.com/v1beta/projects/koruapp-cfcd4/instances 200
[debug] [2026-04-29T18:48:17.088Z] <<< [apiv2][body] GET https://firebaseextensions.googleapis.com/v1beta/projects/koruapp-cfcd4/instances {}
[info] i  functions: preparing functions directory for uploading... 
[info] i  functions: packaged C:\Users\isaac\reactnative\Koru-app\KoruApp\functions (79.45 KB) for uploading 
[debug] [2026-04-29T18:48:17.119Z] Checked if tokens are valid: true, expires at: 1777491779660
[debug] [2026-04-29T18:48:17.119Z] Checked if tokens are valid: true, expires at: 1777491779660
[debug] [2026-04-29T18:48:17.119Z] >>> [apiv2][query] GET https://cloudfunctions.googleapis.com/v1/projects/koruapp-cfcd4/locations/-/functions [none]
[debug] [2026-04-29T18:48:17.807Z] <<< [apiv2][status] GET https://cloudfunctions.googleapis.com/v1/projects/koruapp-cfcd4/locations/-/functions 200
[debug] [2026-04-29T18:48:17.807Z] <<< [apiv2][body] GET https://cloudfunctions.googleapis.com/v1/projects/koruapp-cfcd4/locations/-/functions {}
[debug] [2026-04-29T18:48:17.807Z] Checked if tokens are valid: true, expires at: 1777491779660
[debug] [2026-04-29T18:48:17.807Z] Checked if tokens are valid: true, expires at: 1777491779660
[debug] [2026-04-29T18:48:17.807Z] >>> [apiv2][query] GET https://cloudfunctions.googleapis.com/v2/projects/koruapp-cfcd4/locations/-/functions filter=environment%3D%22GEN_2%22
[debug] [2026-04-29T18:48:18.185Z] <<< [apiv2][status] GET https://cloudfunctions.googleapis.com/v2/projects/koruapp-cfcd4/locations/-/functions 200
[debug] [2026-04-29T18:48:18.185Z] <<< [apiv2][body] GET https://cloudfunctions.googleapis.com/v2/projects/koruapp-cfcd4/locations/-/functions {"functions":[{"name":"projects/koruapp-cfcd4/locations/us-central1/functions/obtenerPrediccion","buildConfig":{"build":"projects/79285172899/locations/us-central1/builds/48bd616d-c238-48bb-945d-eb5a72729693","runtime":"nodejs24","entryPoint":"obtenerPrediccion","source":{"storageSource":{"bucket":"gcf-v2-sources-79285172899-us-central1","object":"obtenerPrediccion/function-source.zip","generation":"1777485877160728"}},"environmentVariables":{"GOOGLE_NODE_RUN_SCRIPTS":""},"dockerRepository":"projects/koruapp-cfcd4/locations/us-central1/repositories/gcf-artifacts","serviceAccount":"projects/koruapp-cfcd4/serviceAccounts/79285172899-compute@developer.gserviceaccount.com","automaticUpdatePolicy":{}},"serviceConfig":{"service":"projects/koruapp-cfcd4/locations/us-central1/services/obtenerprediccion","timeoutSeconds":60,"environmentVariables":{"FIREBASE_CONFIG":"{\"projectId\":\"koruapp-cfcd4\",\"storageBucket\":\"koruapp-cfcd4.firebasestorage.app\"}","GCLOUD_PROJECT":"koruapp-cfcd4","EVENTARC_CLOUD_EVENT_SOURCE":"projects/koruapp-cfcd4/locations/us-central1/services/obtenerPrediccion","FUNCTION_TARGET":"obtenerPrediccion","LOG_EXECUTION_ID":"true"},"ingressSettings":"ALLOW_ALL","serviceAccountEmail":"79285172899-compute@developer.gserviceaccount.com","availableMemory":"256Mi","allTrafficOnLatestRevision":true,"revision":"obtenerprediccion-00001-rir","maxInstanceRequestConcurrency":80,"availableCpu":"1"},"state":"ACTIVE","updateTime":"2026-04-29T18:05:49.681029225Z","labels":{"deployment-tool":"cli-firebase","firebase-functions-hash":"0169dba85d7cfbeeb4b731e7cc2abaea788595bf"},"environment":"GEN_2","url":"https://us-central1-koruapp-cfcd4.cloudfunctions.net/obtenerPrediccion","createTime":"2026-04-29T17:57:03.503226040Z","satisfiesPzi":true}]}
[info] i  functions: ensuring required API run.googleapis.com is enabled... 
[info] i  functions: ensuring required API eventarc.googleapis.com is enabled... 
[info] i  functions: ensuring required API pubsub.googleapis.com is enabled... 
[info] i  functions: ensuring required API storage.googleapis.com is enabled... 
[info] i  functions: generating the service identity for pubsub.googleapis.com... 
[debug] [2026-04-29T18:48:18.189Z] Checked if tokens are valid: true, expires at: 1777491779660
[debug] [2026-04-29T18:48:18.189Z] Checked if tokens are valid: true, expires at: 1777491779660
[info] i  functions: generating the service identity for eventarc.googleapis.com... 
[debug] [2026-04-29T18:48:18.189Z] Checked if tokens are valid: true, expires at: 1777491779660
[debug] [2026-04-29T18:48:18.189Z] Checked if tokens are valid: true, expires at: 1777491779660
[debug] [2026-04-29T18:48:18.189Z] >>> [apiv2][query] POST https://serviceusage.googleapis.com/v1beta1/projects/79285172899/services/pubsub.googleapis.com:generateServiceIdentity [none]
[debug] [2026-04-29T18:48:18.189Z] >>> [apiv2][(partial)header] POST https://serviceusage.googleapis.com/v1beta1/projects/79285172899/services/pubsub.googleapis.com:generateServiceIdentity  x-goog-user-project=79285172899
[debug] [2026-04-29T18:48:18.189Z] >>> [apiv2][body] POST https://serviceusage.googleapis.com/v1beta1/projects/79285172899/services/pubsub.googleapis.com:generateServiceIdentity {}
[debug] [2026-04-29T18:48:18.190Z] >>> [apiv2][query] POST https://serviceusage.googleapis.com/v1beta1/projects/79285172899/services/eventarc.googleapis.com:generateServiceIdentity [none]
[debug] [2026-04-29T18:48:18.190Z] >>> [apiv2][(partial)header] POST https://serviceusage.googleapis.com/v1beta1/projects/79285172899/services/eventarc.googleapis.com:generateServiceIdentity  x-goog-user-project=79285172899
[debug] [2026-04-29T18:48:18.190Z] >>> [apiv2][body] POST https://serviceusage.googleapis.com/v1beta1/projects/79285172899/services/eventarc.googleapis.com:generateServiceIdentity {}
[debug] [2026-04-29T18:48:18.704Z] <<< [apiv2][status] POST https://serviceusage.googleapis.com/v1beta1/projects/79285172899/services/eventarc.googleapis.com:generateServiceIdentity 200
[debug] [2026-04-29T18:48:18.704Z] <<< [apiv2][body] POST https://serviceusage.googleapis.com/v1beta1/projects/79285172899/services/eventarc.googleapis.com:generateServiceIdentity {"name":"operations/finished.DONE_OPERATION","done":true,"response":{"@type":"type.googleapis.com/google.api.serviceusage.v1beta1.ServiceIdentity","email":"service-79285172899@gcp-sa-eventarc.iam.gserviceaccount.com","uniqueId":"114637356490185437956"}}
[debug] [2026-04-29T18:48:18.732Z] <<< [apiv2][status] POST https://serviceusage.googleapis.com/v1beta1/projects/79285172899/services/pubsub.googleapis.com:generateServiceIdentity 200
[debug] [2026-04-29T18:48:18.733Z] <<< [apiv2][body] POST https://serviceusage.googleapis.com/v1beta1/projects/79285172899/services/pubsub.googleapis.com:generateServiceIdentity {"name":"operations/finished.DONE_OPERATION","done":true,"response":{"@type":"type.googleapis.com/google.api.serviceusage.v1beta1.ServiceIdentity","email":"service-79285172899@gcp-sa-pubsub.iam.gserviceaccount.com","uniqueId":"112398494841720910555"}}
[debug] [2026-04-29T18:48:18.734Z] Checked if tokens are valid: true, expires at: 1777491779660
[debug] [2026-04-29T18:48:18.734Z] Checked if tokens are valid: true, expires at: 1777491779660
[debug] [2026-04-29T18:48:18.734Z] >>> [apiv2][query] GET https://cloudresourcemanager.googleapis.com/v1/projects/koruapp-cfcd4 [none]
[debug] [2026-04-29T18:48:18.817Z] <<< [apiv2][status] GET https://cloudresourcemanager.googleapis.com/v1/projects/koruapp-cfcd4 200
[debug] [2026-04-29T18:48:18.817Z] <<< [apiv2][body] GET https://cloudresourcemanager.googleapis.com/v1/projects/koruapp-cfcd4 {"projectNumber":"79285172899","projectId":"koruapp-cfcd4","lifecycleState":"ACTIVE","name":"KoruApp","labels":{"firebase":"enabled","firebase-core":"disabled"},"createTime":"2026-04-10T20:28:59.041Z"}
[debug] [2026-04-29T18:48:18.817Z] Checked if tokens are valid: true, expires at: 1777491779660
[debug] [2026-04-29T18:48:18.817Z] Checked if tokens are valid: true, expires at: 1777491779660
[debug] [2026-04-29T18:48:18.817Z] >>> [apiv2][query] GET https://compute.googleapis.com/compute/v1/projects/79285172899 [none]
[debug] [2026-04-29T18:48:19.048Z] <<< [apiv2][status] GET https://compute.googleapis.com/compute/v1/projects/79285172899 403
[debug] [2026-04-29T18:48:19.048Z] <<< [apiv2][body] GET https://compute.googleapis.com/compute/v1/projects/79285172899 {"error":{"code":403,"message":"Compute Engine API has not been used in project 79285172899 before or it is disabled. Enable it by visiting https://console.developers.google.com/apis/api/compute.googleapis.com/overview?project=79285172899 then retry. If you enabled this API recently, wait a few minutes for the action to propagate to our systems and retry.","errors":[{"message":"Compute Engine API has not been used in project 79285172899 before or it is disabled. Enable it by visiting https://console.developers.google.com/apis/api/compute.googleapis.com/overview?project=79285172899 then retry. If you enabled this API recently, wait a few minutes for the action to propagate to our systems and retry.","domain":"usageLimits","reason":"accessNotConfigured","extendedHelp":"https://console.developers.google.com"}],"status":"PERMISSION_DENIED","details":[{"@type":"type.googleapis.com/google.rpc.ErrorInfo","reason":"SERVICE_DISABLED","domain":"googleapis.com","metadata":{"containerInfo":"79285172899","activationUrl":"https://console.developers.google.com/apis/api/compute.googleapis.com/overview?project=79285172899","service":"compute.googleapis.com","consumer":"projects/79285172899","serviceTitle":"Compute Engine API"}},{"@type":"type.googleapis.com/google.rpc.LocalizedMessage","locale":"en-US","message":"Compute Engine API has not been used in project 79285172899 before or it is disabled. Enable it by visiting https://console.developers.google.com/apis/api/compute.googleapis.com/overview?project=79285172899 then retry. If you enabled this API recently, wait a few minutes for the action to propagate to our systems and retry."},{"@type":"type.googleapis.com/google.rpc.Help","links":[{"description":"Google developers console API activation","url":"https://console.developers.google.com/apis/api/compute.googleapis.com/overview?project=79285172899"}]}]}}
[debug] [2026-04-29T18:48:19.048Z] unable to look up default compute service account. Falling back to 79285172899-compute@developer.gserviceaccount.com. Error: {"name":"FirebaseError","children":[],"context":{"body":{"error":{"code":403,"message":"Compute Engine API has not been used in project 79285172899 before or it is disabled. Enable it by visiting https://console.developers.google.com/apis/api/compute.googleapis.com/overview?project=79285172899 then retry. If you enabled this API recently, wait a few minutes for the action to propagate to our systems and retry.","errors":[{"message":"Compute Engine API has not been used in project 79285172899 before or it is disabled. Enable it by visiting https://console.developers.google.com/apis/api/compute.googleapis.com/overview?project=79285172899 then retry. If you enabled this API recently, wait a few minutes for the action to propagate to our systems and retry.","domain":"usageLimits","reason":"accessNotConfigured","extendedHelp":"https://console.developers.google.com"}],"status":"PERMISSION_DENIED","details":[{"@type":"type.googleapis.com/google.rpc.ErrorInfo","reason":"SERVICE_DISABLED","domain":"googleapis.com","metadata":{"containerInfo":"79285172899","activationUrl":"https://console.developers.google.com/apis/api/compute.googleapis.com/overview?project=79285172899","service":"compute.googleapis.com","consumer":"projects/79285172899","serviceTitle":"Compute Engine API"}},{"@type":"type.googleapis.com/google.rpc.LocalizedMessage","locale":"en-US","message":"Compute Engine API has not been used in project 79285172899 before or it is disabled. Enable it by visiting https://console.developers.google.com/apis/api/compute.googleapis.com/overview?project=79285172899 then retry. If you enabled this API recently, wait a few minutes for the action to propagate to our systems and retry."},{"@type":"type.googleapis.com/google.rpc.Help","links":[{"description":"Google developers console API activation","url":"https://console.developers.google.com/apis/api/compute.googleapis.com/overview?project=79285172899"}]}]}},"response":{"statusCode":403}},"exit":1,"message":"Request to https://compute.googleapis.com/compute/v1/projects/79285172899 had HTTP Error: 403, Compute Engine API has not been used in project 79285172899 before or it is disabled. Enable it by visiting https://console.developers.google.com/apis/api/compute.googleapis.com/overview?project=79285172899 then retry. If you enabled this API recently, wait a few minutes for the action to propagate to our systems and retry.","status":403}
[debug] [2026-04-29T18:48:19.049Z] Checked if tokens are valid: true, expires at: 1777491779660
[debug] [2026-04-29T18:48:19.049Z] Checked if tokens are valid: true, expires at: 1777491779660
[debug] [2026-04-29T18:48:19.050Z] >>> [apiv2][query] GET https://cloudbilling.googleapis.com/v1/projects/koruapp-cfcd4/billingInfo [none]
[debug] [2026-04-29T18:48:19.258Z] <<< [apiv2][status] GET https://cloudbilling.googleapis.com/v1/projects/koruapp-cfcd4/billingInfo 200
[debug] [2026-04-29T18:48:19.259Z] <<< [apiv2][body] GET https://cloudbilling.googleapis.com/v1/projects/koruapp-cfcd4/billingInfo {"name":"projects/koruapp-cfcd4/billingInfo","projectId":"koruapp-cfcd4","billingAccountName":"billingAccounts/010198-ABBA7D-A4D205","billingEnabled":true}
[debug] [2026-04-29T18:48:19.260Z] Checked if tokens are valid: true, expires at: 1777491779660
[debug] [2026-04-29T18:48:19.260Z] Checked if tokens are valid: true, expires at: 1777491779660
[debug] [2026-04-29T18:48:19.260Z] >>> [apiv2][query] POST https://cloudfunctions.googleapis.com/v2/projects/koruapp-cfcd4/locations/us-central1/functions:generateUploadUrl [none]
[debug] [2026-04-29T18:48:19.432Z] <<< [apiv2][status] POST https://cloudfunctions.googleapis.com/v2/projects/koruapp-cfcd4/locations/us-central1/functions:generateUploadUrl 200
[debug] [2026-04-29T18:48:19.432Z] <<< [apiv2][body] POST https://cloudfunctions.googleapis.com/v2/projects/koruapp-cfcd4/locations/us-central1/functions:generateUploadUrl {"uploadUrl":"https://storage.googleapis.com/gcf-v2-uploads-79285172899.us-central1.cloudfunctions.appspot.com/515afd8b-de00-44fc-b216-4d519dff4c80.zip?GoogleAccessId=service-79285172899@gcf-admin-robot.iam.gserviceaccount.com&Expires=1777490299&Signature=g8xAU9DVqF8SNZ%2FxKg2ueOIxDdux%2FpBdn9nh1ZsNnyVkvi%2Bflo7AKgch3HB0FZoIiX5dIdlVFuWnfmUa%2BseijN%2BzVC%2BuDvYg%2FI1QcovwPZiM5RA3diLWtYiCiult7XRI1GSeu4AB3HoPo6xyeDYFRY36ClQ%2B0M4OO6p7MQPS%2FwWgypxSCxsK%2B5PXYzBCAFqmIwfFdFupG93LwbBFcCu7r%2BtUZNVbZ%2B%2BzU2Oxyit8zpzVv6S9UYy0X5WJoWSTK1uSCKztW%2BUT4zg2v%2FNEZnTwo8NRH44aEQ8X9tWG9hK1Z9hK1as%2FkCnhcyahO9RTccWch1fqw%2FsLTqOYlB%2FjXO%2BTIQ%3D%3D","storageSource":{"bucket":"gcf-v2-uploads-79285172899.us-central1.cloudfunctions.appspot.com","object":"515afd8b-de00-44fc-b216-4d519dff4c80.zip"}}
[debug] [2026-04-29T18:48:19.432Z] >>> [apiv2][query] PUT https://storage.googleapis.com/gcf-v2-uploads-79285172899.us-central1.cloudfunctions.appspot.com/515afd8b-de00-44fc-b216-4d519dff4c80.zip GoogleAccessId=service-79285172899%40gcf-admin-robot.iam.gserviceaccount.com&Expires=1777490299&Signature=g8xAU9DVqF8SNZ%2FxKg2ueOIxDdux%2FpBdn9nh1ZsNnyVkvi%2Bflo7AKgch3HB0FZoIiX5dIdlVFuWnfmUa%2BseijN%2BzVC%2BuDvYg%2FI1QcovwPZiM5RA3diLWtYiCiult7XRI1GSeu4AB3HoPo6xyeDYFRY36ClQ%2B0M4OO6p7MQPS%2FwWgypxSCxsK%2B5PXYzBCAFqmIwfFdFupG93LwbBFcCu7r%2BtUZNVbZ%2B%2BzU2Oxyit8zpzVv6S9UYy0X5WJoWSTK1uSCKztW%2BUT4zg2v%2FNEZnTwo8NRH44aEQ8X9tWG9hK1Z9hK1as%2FkCnhcyahO9RTccWch1fqw%2FsLTqOYlB%2FjXO%2BTIQ%3D%3D
[debug] [2026-04-29T18:48:19.433Z] >>> [apiv2][body] PUT https://storage.googleapis.com/gcf-v2-uploads-79285172899.us-central1.cloudfunctions.appspot.com/515afd8b-de00-44fc-b216-4d519dff4c80.zip [stream]
[debug] [2026-04-29T18:48:19.789Z] <<< [apiv2][status] PUT https://storage.googleapis.com/gcf-v2-uploads-79285172899.us-central1.cloudfunctions.appspot.com/515afd8b-de00-44fc-b216-4d519dff4c80.zip 200
[debug] [2026-04-29T18:48:19.790Z] <<< [apiv2][body] PUT https://storage.googleapis.com/gcf-v2-uploads-79285172899.us-central1.cloudfunctions.appspot.com/515afd8b-de00-44fc-b216-4d519dff4c80.zip [omitted]
[info] +  functions: functions source uploaded successfully 
[info] i  functions: updating Node.js 24 (2nd Gen) function obtenerPrediccion(us-central1)... 
[debug] [2026-04-29T18:48:19.793Z] Checked if tokens are valid: true, expires at: 1777491779660
[debug] [2026-04-29T18:48:19.793Z] Checked if tokens are valid: true, expires at: 1777491779660
[debug] [2026-04-29T18:48:19.793Z] >>> [apiv2][query] PATCH https://cloudfunctions.googleapis.com/v2/projects/koruapp-cfcd4/locations/us-central1/functions/obtenerPrediccion updateMask=name%2CbuildConfig.runtime%2CbuildConfig.entryPoint%2CbuildConfig.source.storageSource.bucket%2CbuildConfig.source.storageSource.object%2CbuildConfig.environmentVariables%2CbuildConfig.sourceToken%2CserviceConfig.environmentVariables%2CserviceConfig.ingressSettings%2CserviceConfig.timeoutSeconds%2CserviceConfig.serviceAccountEmail%2CserviceConfig.availableMemory%2CserviceConfig.minInstanceCount%2CserviceConfig.maxInstanceCount%2CserviceConfig.maxInstanceRequestConcurrency%2CserviceConfig.availableCpu%2CserviceConfig.vpcConnector%2CserviceConfig.vpcConnectorEgressSettings%2CserviceConfig.directVpcNetworkInterface%2CserviceConfig.directVpcEgress%2Clabels
[debug] [2026-04-29T18:48:19.793Z] >>> [apiv2][body] PATCH https://cloudfunctions.googleapis.com/v2/projects/koruapp-cfcd4/locations/us-central1/functions/obtenerPrediccion {"name":"projects/koruapp-cfcd4/locations/us-central1/functions/obtenerPrediccion","buildConfig":{"runtime":"nodejs24","entryPoint":"obtenerPrediccion","source":{"storageSource":{"bucket":"gcf-v2-uploads-79285172899.us-central1.cloudfunctions.appspot.com","object":"515afd8b-de00-44fc-b216-4d519dff4c80.zip"}},"environmentVariables":{"GOOGLE_NODE_RUN_SCRIPTS":""}},"serviceConfig":{"environmentVariables":{"FIREBASE_CONFIG":"{\"projectId\":\"koruapp-cfcd4\",\"storageBucket\":\"koruapp-cfcd4.firebasestorage.app\"}","GCLOUD_PROJECT":"koruapp-cfcd4","EVENTARC_CLOUD_EVENT_SOURCE":"projects/koruapp-cfcd4/locations/us-central1/services/obtenerPrediccion","FUNCTION_TARGET":"obtenerPrediccion","LOG_EXECUTION_ID":"true"},"ingressSettings":null,"timeoutSeconds":null,"serviceAccountEmail":null,"availableMemory":"256Mi","minInstanceCount":null,"maxInstanceCount":null,"maxInstanceRequestConcurrency":80,"availableCpu":"1","vpcConnector":null,"vpcConnectorEgressSettings":null,"directVpcNetworkInterface":null,"directVpcEgress":null},"labels":{"deployment-tool":"cli-firebase","firebase-functions-hash":"d38fc7f066a2976ebf02bbc7ecc3af41985d9614"}}
[debug] [2026-04-29T18:48:20.665Z] <<< [apiv2][status] PATCH https://cloudfunctions.googleapis.com/v2/projects/koruapp-cfcd4/locations/us-central1/functions/obtenerPrediccion 200
[debug] [2026-04-29T18:48:20.665Z] <<< [apiv2][body] PATCH https://cloudfunctions.googleapis.com/v2/projects/koruapp-cfcd4/locations/us-central1/functions/obtenerPrediccion {"name":"projects/koruapp-cfcd4/locations/us-central1/operations/operation-1777488499883-6509dcaa0bc97-ee7eaa84-f2fde6b5","metadata":{"@type":"type.googleapis.com/google.cloud.functions.v2.OperationMetadata","createTime":"2026-04-29T18:48:20.619511342Z","target":"projects/koruapp-cfcd4/locations/us-central1/functions/obtenerPrediccion","verb":"update","cancelRequested":false,"apiVersion":"v2"},"done":false}
[debug] [2026-04-29T18:48:20.665Z] Checked if tokens are valid: true, expires at: 1777491779660
[debug] [2026-04-29T18:48:20.665Z] Checked if tokens are valid: true, expires at: 1777491779660
[debug] [2026-04-29T18:48:20.665Z] >>> [apiv2][query] GET https://cloudfunctions.googleapis.com/v2/projects/koruapp-cfcd4/locations/us-central1/operations/operation-1777488499883-6509dcaa0bc97-ee7eaa84-f2fde6b5 [none]
[debug] [2026-04-29T18:48:20.771Z] <<< [apiv2][status] GET https://cloudfunctions.googleapis.com/v2/projects/koruapp-cfcd4/locations/us-central1/operations/operation-1777488499883-6509dcaa0bc97-ee7eaa84-f2fde6b5 200
[debug] [2026-04-29T18:48:20.771Z] <<< [apiv2][body] GET https://cloudfunctions.googleapis.com/v2/projects/koruapp-cfcd4/locations/us-central1/operations/operation-1777488499883-6509dcaa0bc97-ee7eaa84-f2fde6b5 {"name":"projects/koruapp-cfcd4/locations/us-central1/operations/operation-1777488499883-6509dcaa0bc97-ee7eaa84-f2fde6b5","metadata":{"@type":"type.googleapis.com/google.cloud.functions.v2.OperationMetadata","createTime":"2026-04-29T18:48:20.619511342Z","target":"projects/koruapp-cfcd4/locations/us-central1/functions/obtenerPrediccion","verb":"update","cancelRequested":false,"apiVersion":"v2"},"done":false}
[debug] [2026-04-29T18:48:21.282Z] [update-default-us-central1-obtenerPrediccion] Retrying task index 0
[debug] [2026-04-29T18:48:21.282Z] Checked if tokens are valid: true, expires at: 1777491779660
[debug] [2026-04-29T18:48:21.282Z] Checked if tokens are valid: true, expires at: 1777491779660
[debug] [2026-04-29T18:48:21.282Z] >>> [apiv2][query] GET https://cloudfunctions.googleapis.com/v2/projects/koruapp-cfcd4/locations/us-central1/operations/operation-1777488499883-6509dcaa0bc97-ee7eaa84-f2fde6b5 [none]
[debug] [2026-04-29T18:48:21.383Z] <<< [apiv2][status] GET https://cloudfunctions.googleapis.com/v2/projects/koruapp-cfcd4/locations/us-central1/operations/operation-1777488499883-6509dcaa0bc97-ee7eaa84-f2fde6b5 200
[debug] [2026-04-29T18:48:21.383Z] <<< [apiv2][body] GET https://cloudfunctions.googleapis.com/v2/projects/koruapp-cfcd4/locations/us-central1/operations/operation-1777488499883-6509dcaa0bc97-ee7eaa84-f2fde6b5 {"name":"projects/koruapp-cfcd4/locations/us-central1/operations/operation-1777488499883-6509dcaa0bc97-ee7eaa84-f2fde6b5","metadata":{"@type":"type.googleapis.com/google.cloud.functions.v2.OperationMetadata","createTime":"2026-04-29T18:48:20.619511342Z","target":"projects/koruapp-cfcd4/locations/us-central1/functions/obtenerPrediccion","verb":"update","cancelRequested":false,"apiVersion":"v2","requestResource":{"@type":"type.googleapis.com/google.cloud.functions.v2.Function","name":"projects/koruapp-cfcd4/locations/us-central1/functions/obtenerPrediccion","buildConfig":{"runtime":"nodejs24","entryPoint":"obtenerPrediccion","source":{"storageSource":{"bucket":"gcf-v2-sources-79285172899-us-central1","object":"obtenerPrediccion/function-source.zip","generation":"1777488500553040"}},"environmentVariables":{"GOOGLE_NODE_RUN_SCRIPTS":""},"dockerRepository":"projects/koruapp-cfcd4/locations/us-central1/repositories/gcf-artifacts","serviceAccount":"projects/koruapp-cfcd4/serviceAccounts/79285172899-compute@developer.gserviceaccount.com","automaticUpdatePolicy":{}},"serviceConfig":{"service":"projects/koruapp-cfcd4/locations/us-central1/services/obtenerprediccion","timeoutSeconds":60,"environmentVariables":{"FIREBASE_CONFIG":"{\"projectId\":\"koruapp-cfcd4\",\"storageBucket\":\"koruapp-cfcd4.firebasestorage.app\"}","GCLOUD_PROJECT":"koruapp-cfcd4","EVENTARC_CLOUD_EVENT_SOURCE":"projects/koruapp-cfcd4/locations/us-central1/services/obtenerPrediccion","FUNCTION_TARGET":"obtenerPrediccion","LOG_EXECUTION_ID":"true"},"ingressSettings":"ALLOW_ALL","serviceAccountEmail":"79285172899-compute@developer.gserviceaccount.com","availableMemory":"256Mi","allTrafficOnLatestRevision":true,"revision":"obtenerprediccion-00001-rir","maxInstanceRequestConcurrency":80,"availableCpu":"1"},"state":"ACTIVE","labels":{"deployment-tool":"cloud-console","firebase-functions-hash":"d38fc7f066a2976ebf02bbc7ecc3af41985d9614"},"environment":"GEN_2","url":"https://us-central1-koruapp-cfcd4.cloudfunctions.net/obtenerPrediccion","satisfiesPzi":true},"stages":[{"name":"BUILD","state":"NOT_STARTED"},{"name":"SERVICE","state":"NOT_STARTED"}],"operationType":"UPDATE_FUNCTION"},"done":false}
[debug] [2026-04-29T18:48:22.393Z] [update-default-us-central1-obtenerPrediccion] Retrying task index 0
[debug] [2026-04-29T18:48:22.393Z] Checked if tokens are valid: true, expires at: 1777491779660
[debug] [2026-04-29T18:48:22.393Z] Checked if tokens are valid: true, expires at: 1777491779660
[debug] [2026-04-29T18:48:22.393Z] >>> [apiv2][query] GET https://cloudfunctions.googleapis.com/v2/projects/koruapp-cfcd4/locations/us-central1/operations/operation-1777488499883-6509dcaa0bc97-ee7eaa84-f2fde6b5 [none]
[debug] [2026-04-29T18:48:22.514Z] <<< [apiv2][status] GET https://cloudfunctions.googleapis.com/v2/projects/koruapp-cfcd4/locations/us-central1/operations/operation-1777488499883-6509dcaa0bc97-ee7eaa84-f2fde6b5 200
[debug] [2026-04-29T18:48:22.514Z] <<< [apiv2][body] GET https://cloudfunctions.googleapis.com/v2/projects/koruapp-cfcd4/locations/us-central1/operations/operation-1777488499883-6509dcaa0bc97-ee7eaa84-f2fde6b5 {"name":"projects/koruapp-cfcd4/locations/us-central1/operations/operation-1777488499883-6509dcaa0bc97-ee7eaa84-f2fde6b5","metadata":{"@type":"type.googleapis.com/google.cloud.functions.v2.OperationMetadata","createTime":"2026-04-29T18:48:20.619511342Z","target":"projects/koruapp-cfcd4/locations/us-central1/functions/obtenerPrediccion","verb":"update","cancelRequested":false,"apiVersion":"v2","requestResource":{"@type":"type.googleapis.com/google.cloud.functions.v2.Function","name":"projects/koruapp-cfcd4/locations/us-central1/functions/obtenerPrediccion","buildConfig":{"runtime":"nodejs24","entryPoint":"obtenerPrediccion","source":{"storageSource":{"bucket":"gcf-v2-sources-79285172899-us-central1","object":"obtenerPrediccion/function-source.zip","generation":"1777488500553040"}},"environmentVariables":{"GOOGLE_NODE_RUN_SCRIPTS":""},"dockerRepository":"projects/koruapp-cfcd4/locations/us-central1/repositories/gcf-artifacts","serviceAccount":"projects/koruapp-cfcd4/serviceAccounts/79285172899-compute@developer.gserviceaccount.com","automaticUpdatePolicy":{}},"serviceConfig":{"service":"projects/koruapp-cfcd4/locations/us-central1/services/obtenerprediccion","timeoutSeconds":60,"environmentVariables":{"FIREBASE_CONFIG":"{\"projectId\":\"koruapp-cfcd4\",\"storageBucket\":\"koruapp-cfcd4.firebasestorage.app\"}","GCLOUD_PROJECT":"koruapp-cfcd4","EVENTARC_CLOUD_EVENT_SOURCE":"projects/koruapp-cfcd4/locations/us-central1/services/obtenerPrediccion","FUNCTION_TARGET":"obtenerPrediccion","LOG_EXECUTION_ID":"true"},"ingressSettings":"ALLOW_ALL","serviceAccountEmail":"79285172899-compute@developer.gserviceaccount.com","availableMemory":"256Mi","allTrafficOnLatestRevision":true,"revision":"obtenerprediccion-00001-rir","maxInstanceRequestConcurrency":80,"availableCpu":"1"},"state":"ACTIVE","labels":{"deployment-tool":"cloud-console","firebase-functions-hash":"d38fc7f066a2976ebf02bbc7ecc3af41985d9614"},"environment":"GEN_2","url":"https://us-central1-koruapp-cfcd4.cloudfunctions.net/obtenerPrediccion","satisfiesPzi":true},"stages":[{"name":"BUILD","message":"Build in progress","state":"IN_PROGRESS","resource":"projects/79285172899/locations/us-central1/builds/a01294a7-909a-47ed-8cbe-88aca15648ed","resourceUri":"https://console.cloud.google.com/cloud-build/builds;region=us-central1/a01294a7-909a-47ed-8cbe-88aca15648ed?project=79285172899"},{"name":"SERVICE","state":"NOT_STARTED"}],"operationType":"UPDATE_FUNCTION","buildName":"projects/79285172899/locations/us-central1/builds/a01294a7-909a-47ed-8cbe-88aca15648ed"},"done":false}
[debug] [2026-04-29T18:48:24.520Z] [update-default-us-central1-obtenerPrediccion] Retrying task index 0
[debug] [2026-04-29T18:48:24.520Z] Checked if tokens are valid: true, expires at: 1777491779660
[debug] [2026-04-29T18:48:24.520Z] Checked if tokens are valid: true, expires at: 1777491779660
[debug] [2026-04-29T18:48:24.520Z] >>> [apiv2][query] GET https://cloudfunctions.googleapis.com/v2/projects/koruapp-cfcd4/locations/us-central1/operations/operation-1777488499883-6509dcaa0bc97-ee7eaa84-f2fde6b5 [none]
[debug] [2026-04-29T18:48:24.659Z] <<< [apiv2][status] GET https://cloudfunctions.googleapis.com/v2/projects/koruapp-cfcd4/locations/us-central1/operations/operation-1777488499883-6509dcaa0bc97-ee7eaa84-f2fde6b5 200
[debug] [2026-04-29T18:48:24.660Z] <<< [apiv2][body] GET https://cloudfunctions.googleapis.com/v2/projects/koruapp-cfcd4/locations/us-central1/operations/operation-1777488499883-6509dcaa0bc97-ee7eaa84-f2fde6b5 {"name":"projects/koruapp-cfcd4/locations/us-central1/operations/operation-1777488499883-6509dcaa0bc97-ee7eaa84-f2fde6b5","metadata":{"@type":"type.googleapis.com/google.cloud.functions.v2.OperationMetadata","createTime":"2026-04-29T18:48:20.619511342Z","target":"projects/koruapp-cfcd4/locations/us-central1/functions/obtenerPrediccion","verb":"update","cancelRequested":false,"apiVersion":"v2","requestResource":{"@type":"type.googleapis.com/google.cloud.functions.v2.Function","name":"projects/koruapp-cfcd4/locations/us-central1/functions/obtenerPrediccion","buildConfig":{"runtime":"nodejs24","entryPoint":"obtenerPrediccion","source":{"storageSource":{"bucket":"gcf-v2-sources-79285172899-us-central1","object":"obtenerPrediccion/function-source.zip","generation":"1777488500553040"}},"environmentVariables":{"GOOGLE_NODE_RUN_SCRIPTS":""},"dockerRepository":"projects/koruapp-cfcd4/locations/us-central1/repositories/gcf-artifacts","serviceAccount":"projects/koruapp-cfcd4/serviceAccounts/79285172899-compute@developer.gserviceaccount.com","automaticUpdatePolicy":{}},"serviceConfig":{"service":"projects/koruapp-cfcd4/locations/us-central1/services/obtenerprediccion","timeoutSeconds":60,"environmentVariables":{"FIREBASE_CONFIG":"{\"projectId\":\"koruapp-cfcd4\",\"storageBucket\":\"koruapp-cfcd4.firebasestorage.app\"}","GCLOUD_PROJECT":"koruapp-cfcd4","EVENTARC_CLOUD_EVENT_SOURCE":"projects/koruapp-cfcd4/locations/us-central1/services/obtenerPrediccion","FUNCTION_TARGET":"obtenerPrediccion","LOG_EXECUTION_ID":"true"},"ingressSettings":"ALLOW_ALL","serviceAccountEmail":"79285172899-compute@developer.gserviceaccount.com","availableMemory":"256Mi","allTrafficOnLatestRevision":true,"revision":"obtenerprediccion-00001-rir","maxInstanceRequestConcurrency":80,"availableCpu":"1"},"state":"ACTIVE","labels":{"deployment-tool":"cloud-console","firebase-functions-hash":"d38fc7f066a2976ebf02bbc7ecc3af41985d9614"},"environment":"GEN_2","url":"https://us-central1-koruapp-cfcd4.cloudfunctions.net/obtenerPrediccion","satisfiesPzi":true},"stages":[{"name":"BUILD","message":"Build in progress","state":"IN_PROGRESS","resource":"projects/79285172899/locations/us-central1/builds/a01294a7-909a-47ed-8cbe-88aca15648ed","resourceUri":"https://console.cloud.google.com/cloud-build/builds;region=us-central1/a01294a7-909a-47ed-8cbe-88aca15648ed?project=79285172899"},{"name":"SERVICE","state":"NOT_STARTED"}],"operationType":"UPDATE_FUNCTION","buildName":"projects/79285172899/locations/us-central1/builds/a01294a7-909a-47ed-8cbe-88aca15648ed"},"done":false}
[debug] [2026-04-29T18:48:28.662Z] [update-default-us-central1-obtenerPrediccion] Retrying task index 0
[debug] [2026-04-29T18:48:28.663Z] Checked if tokens are valid: true, expires at: 1777491779660
[debug] [2026-04-29T18:48:28.663Z] Checked if tokens are valid: true, expires at: 1777491779660
[debug] [2026-04-29T18:48:28.663Z] >>> [apiv2][query] GET https://cloudfunctions.googleapis.com/v2/projects/koruapp-cfcd4/locations/us-central1/operations/operation-1777488499883-6509dcaa0bc97-ee7eaa84-f2fde6b5 [none]
[debug] [2026-04-29T18:48:28.829Z] <<< [apiv2][status] GET https://cloudfunctions.googleapis.com/v2/projects/koruapp-cfcd4/locations/us-central1/operations/operation-1777488499883-6509dcaa0bc97-ee7eaa84-f2fde6b5 200
[debug] [2026-04-29T18:48:28.829Z] <<< [apiv2][body] GET https://cloudfunctions.googleapis.com/v2/projects/koruapp-cfcd4/locations/us-central1/operations/operation-1777488499883-6509dcaa0bc97-ee7eaa84-f2fde6b5 {"name":"projects/koruapp-cfcd4/locations/us-central1/operations/operation-1777488499883-6509dcaa0bc97-ee7eaa84-f2fde6b5","metadata":{"@type":"type.googleapis.com/google.cloud.functions.v2.OperationMetadata","createTime":"2026-04-29T18:48:20.619511342Z","target":"projects/koruapp-cfcd4/locations/us-central1/functions/obtenerPrediccion","verb":"update","cancelRequested":false,"apiVersion":"v2","requestResource":{"@type":"type.googleapis.com/google.cloud.functions.v2.Function","name":"projects/koruapp-cfcd4/locations/us-central1/functions/obtenerPrediccion","buildConfig":{"runtime":"nodejs24","entryPoint":"obtenerPrediccion","source":{"storageSource":{"bucket":"gcf-v2-sources-79285172899-us-central1","object":"obtenerPrediccion/function-source.zip","generation":"1777488500553040"}},"environmentVariables":{"GOOGLE_NODE_RUN_SCRIPTS":""},"dockerRepository":"projects/koruapp-cfcd4/locations/us-central1/repositories/gcf-artifacts","serviceAccount":"projects/koruapp-cfcd4/serviceAccounts/79285172899-compute@developer.gserviceaccount.com","automaticUpdatePolicy":{}},"serviceConfig":{"service":"projects/koruapp-cfcd4/locations/us-central1/services/obtenerprediccion","timeoutSeconds":60,"environmentVariables":{"FIREBASE_CONFIG":"{\"projectId\":\"koruapp-cfcd4\",\"storageBucket\":\"koruapp-cfcd4.firebasestorage.app\"}","GCLOUD_PROJECT":"koruapp-cfcd4","EVENTARC_CLOUD_EVENT_SOURCE":"projects/koruapp-cfcd4/locations/us-central1/services/obtenerPrediccion","FUNCTION_TARGET":"obtenerPrediccion","LOG_EXECUTION_ID":"true"},"ingressSettings":"ALLOW_ALL","serviceAccountEmail":"79285172899-compute@developer.gserviceaccount.com","availableMemory":"256Mi","allTrafficOnLatestRevision":true,"revision":"obtenerprediccion-00001-rir","maxInstanceRequestConcurrency":80,"availableCpu":"1"},"state":"ACTIVE","labels":{"deployment-tool":"cloud-console","firebase-functions-hash":"d38fc7f066a2976ebf02bbc7ecc3af41985d9614"},"environment":"GEN_2","url":"https://us-central1-koruapp-cfcd4.cloudfunctions.net/obtenerPrediccion","satisfiesPzi":true},"stages":[{"name":"BUILD","message":"Build in progress","state":"IN_PROGRESS","resource":"projects/79285172899/locations/us-central1/builds/a01294a7-909a-47ed-8cbe-88aca15648ed","resourceUri":"https://console.cloud.google.com/cloud-build/builds;region=us-central1/a01294a7-909a-47ed-8cbe-88aca15648ed?project=79285172899"},{"name":"SERVICE","state":"NOT_STARTED"}],"operationType":"UPDATE_FUNCTION","buildName":"projects/79285172899/locations/us-central1/builds/a01294a7-909a-47ed-8cbe-88aca15648ed"},"done":false}
[debug] [2026-04-29T18:48:36.831Z] [update-default-us-central1-obtenerPrediccion] Retrying task index 0
[debug] [2026-04-29T18:48:36.832Z] Checked if tokens are valid: true, expires at: 1777491779660
[debug] [2026-04-29T18:48:36.832Z] Checked if tokens are valid: true, expires at: 1777491779660
[debug] [2026-04-29T18:48:36.832Z] >>> [apiv2][query] GET https://cloudfunctions.googleapis.com/v2/projects/koruapp-cfcd4/locations/us-central1/operations/operation-1777488499883-6509dcaa0bc97-ee7eaa84-f2fde6b5 [none]
[debug] [2026-04-29T18:48:37.056Z] <<< [apiv2][status] GET https://cloudfunctions.googleapis.com/v2/projects/koruapp-cfcd4/locations/us-central1/operations/operation-1777488499883-6509dcaa0bc97-ee7eaa84-f2fde6b5 200
[debug] [2026-04-29T18:48:37.056Z] <<< [apiv2][body] GET https://cloudfunctions.googleapis.com/v2/projects/koruapp-cfcd4/locations/us-central1/operations/operation-1777488499883-6509dcaa0bc97-ee7eaa84-f2fde6b5 {"name":"projects/koruapp-cfcd4/locations/us-central1/operations/operation-1777488499883-6509dcaa0bc97-ee7eaa84-f2fde6b5","metadata":{"@type":"type.googleapis.com/google.cloud.functions.v2.OperationMetadata","createTime":"2026-04-29T18:48:20.619511342Z","target":"projects/koruapp-cfcd4/locations/us-central1/functions/obtenerPrediccion","verb":"update","cancelRequested":false,"apiVersion":"v2","requestResource":{"@type":"type.googleapis.com/google.cloud.functions.v2.Function","name":"projects/koruapp-cfcd4/locations/us-central1/functions/obtenerPrediccion","buildConfig":{"runtime":"nodejs24","entryPoint":"obtenerPrediccion","source":{"storageSource":{"bucket":"gcf-v2-sources-79285172899-us-central1","object":"obtenerPrediccion/function-source.zip","generation":"1777488500553040"}},"environmentVariables":{"GOOGLE_NODE_RUN_SCRIPTS":""},"dockerRepository":"projects/koruapp-cfcd4/locations/us-central1/repositories/gcf-artifacts","serviceAccount":"projects/koruapp-cfcd4/serviceAccounts/79285172899-compute@developer.gserviceaccount.com","automaticUpdatePolicy":{}},"serviceConfig":{"service":"projects/koruapp-cfcd4/locations/us-central1/services/obtenerprediccion","timeoutSeconds":60,"environmentVariables":{"FIREBASE_CONFIG":"{\"projectId\":\"koruapp-cfcd4\",\"storageBucket\":\"koruapp-cfcd4.firebasestorage.app\"}","GCLOUD_PROJECT":"koruapp-cfcd4","EVENTARC_CLOUD_EVENT_SOURCE":"projects/koruapp-cfcd4/locations/us-central1/services/obtenerPrediccion","FUNCTION_TARGET":"obtenerPrediccion","LOG_EXECUTION_ID":"true"},"ingressSettings":"ALLOW_ALL","serviceAccountEmail":"79285172899-compute@developer.gserviceaccount.com","availableMemory":"256Mi","allTrafficOnLatestRevision":true,"revision":"obtenerprediccion-00001-rir","maxInstanceRequestConcurrency":80,"availableCpu":"1"},"state":"ACTIVE","labels":{"deployment-tool":"cloud-console","firebase-functions-hash":"d38fc7f066a2976ebf02bbc7ecc3af41985d9614"},"environment":"GEN_2","url":"https://us-central1-koruapp-cfcd4.cloudfunctions.net/obtenerPrediccion","satisfiesPzi":true},"stages":[{"name":"BUILD","message":"Build in progress","state":"IN_PROGRESS","resource":"projects/79285172899/locations/us-central1/builds/a01294a7-909a-47ed-8cbe-88aca15648ed","resourceUri":"https://console.cloud.google.com/cloud-build/builds;region=us-central1/a01294a7-909a-47ed-8cbe-88aca15648ed?project=79285172899"},{"name":"SERVICE","state":"NOT_STARTED"}],"operationType":"UPDATE_FUNCTION","buildName":"projects/79285172899/locations/us-central1/builds/a01294a7-909a-47ed-8cbe-88aca15648ed"},"done":false}
[debug] [2026-04-29T18:48:47.064Z] [update-default-us-central1-obtenerPrediccion] Retrying task index 0
[debug] [2026-04-29T18:48:47.064Z] Checked if tokens are valid: true, expires at: 1777491779660
[debug] [2026-04-29T18:48:47.064Z] Checked if tokens are valid: true, expires at: 1777491779660
[debug] [2026-04-29T18:48:47.064Z] >>> [apiv2][query] GET https://cloudfunctions.googleapis.com/v2/projects/koruapp-cfcd4/locations/us-central1/operations/operation-1777488499883-6509dcaa0bc97-ee7eaa84-f2fde6b5 [none]
[debug] [2026-04-29T18:48:47.596Z] <<< [apiv2][status] GET https://cloudfunctions.googleapis.com/v2/projects/koruapp-cfcd4/locations/us-central1/operations/operation-1777488499883-6509dcaa0bc97-ee7eaa84-f2fde6b5 200
[debug] [2026-04-29T18:48:47.596Z] <<< [apiv2][body] GET https://cloudfunctions.googleapis.com/v2/projects/koruapp-cfcd4/locations/us-central1/operations/operation-1777488499883-6509dcaa0bc97-ee7eaa84-f2fde6b5 {"name":"projects/koruapp-cfcd4/locations/us-central1/operations/operation-1777488499883-6509dcaa0bc97-ee7eaa84-f2fde6b5","metadata":{"@type":"type.googleapis.com/google.cloud.functions.v2.OperationMetadata","createTime":"2026-04-29T18:48:20.619511342Z","target":"projects/koruapp-cfcd4/locations/us-central1/functions/obtenerPrediccion","verb":"update","cancelRequested":false,"apiVersion":"v2","requestResource":{"@type":"type.googleapis.com/google.cloud.functions.v2.Function","name":"projects/koruapp-cfcd4/locations/us-central1/functions/obtenerPrediccion","buildConfig":{"runtime":"nodejs24","entryPoint":"obtenerPrediccion","source":{"storageSource":{"bucket":"gcf-v2-sources-79285172899-us-central1","object":"obtenerPrediccion/function-source.zip","generation":"1777488500553040"}},"environmentVariables":{"GOOGLE_NODE_RUN_SCRIPTS":""},"dockerRepository":"projects/koruapp-cfcd4/locations/us-central1/repositories/gcf-artifacts","serviceAccount":"projects/koruapp-cfcd4/serviceAccounts/79285172899-compute@developer.gserviceaccount.com","automaticUpdatePolicy":{}},"serviceConfig":{"service":"projects/koruapp-cfcd4/locations/us-central1/services/obtenerprediccion","timeoutSeconds":60,"environmentVariables":{"FIREBASE_CONFIG":"{\"projectId\":\"koruapp-cfcd4\",\"storageBucket\":\"koruapp-cfcd4.firebasestorage.app\"}","GCLOUD_PROJECT":"koruapp-cfcd4","EVENTARC_CLOUD_EVENT_SOURCE":"projects/koruapp-cfcd4/locations/us-central1/services/obtenerPrediccion","FUNCTION_TARGET":"obtenerPrediccion","LOG_EXECUTION_ID":"true"},"ingressSettings":"ALLOW_ALL","serviceAccountEmail":"79285172899-compute@developer.gserviceaccount.com","availableMemory":"256Mi","allTrafficOnLatestRevision":true,"revision":"obtenerprediccion-00001-rir","maxInstanceRequestConcurrency":80,"availableCpu":"1"},"state":"ACTIVE","labels":{"deployment-tool":"cloud-console","firebase-functions-hash":"d38fc7f066a2976ebf02bbc7ecc3af41985d9614"},"environment":"GEN_2","url":"https://us-central1-koruapp-cfcd4.cloudfunctions.net/obtenerPrediccion","satisfiesPzi":true},"stages":[{"name":"BUILD","message":"Build in progress","state":"IN_PROGRESS","resource":"projects/79285172899/locations/us-central1/builds/a01294a7-909a-47ed-8cbe-88aca15648ed","resourceUri":"https://console.cloud.google.com/cloud-build/builds;region=us-central1/a01294a7-909a-47ed-8cbe-88aca15648ed?project=79285172899"},{"name":"SERVICE","state":"NOT_STARTED"}],"operationType":"UPDATE_FUNCTION","buildName":"projects/79285172899/locations/us-central1/builds/a01294a7-909a-47ed-8cbe-88aca15648ed"},"done":false}
[debug] [2026-04-29T18:48:57.601Z] [update-default-us-central1-obtenerPrediccion] Retrying task index 0
[debug] [2026-04-29T18:48:57.601Z] Checked if tokens are valid: true, expires at: 1777491779660
[debug] [2026-04-29T18:48:57.601Z] Checked if tokens are valid: true, expires at: 1777491779660
[debug] [2026-04-29T18:48:57.601Z] >>> [apiv2][query] GET https://cloudfunctions.googleapis.com/v2/projects/koruapp-cfcd4/locations/us-central1/operations/operation-1777488499883-6509dcaa0bc97-ee7eaa84-f2fde6b5 [none]
[debug] [2026-04-29T18:48:57.833Z] <<< [apiv2][status] GET https://cloudfunctions.googleapis.com/v2/projects/koruapp-cfcd4/locations/us-central1/operations/operation-1777488499883-6509dcaa0bc97-ee7eaa84-f2fde6b5 200
[debug] [2026-04-29T18:48:57.833Z] <<< [apiv2][body] GET https://cloudfunctions.googleapis.com/v2/projects/koruapp-cfcd4/locations/us-central1/operations/operation-1777488499883-6509dcaa0bc97-ee7eaa84-f2fde6b5 {"name":"projects/koruapp-cfcd4/locations/us-central1/operations/operation-1777488499883-6509dcaa0bc97-ee7eaa84-f2fde6b5","metadata":{"@type":"type.googleapis.com/google.cloud.functions.v2.OperationMetadata","createTime":"2026-04-29T18:48:20.619511342Z","target":"projects/koruapp-cfcd4/locations/us-central1/functions/obtenerPrediccion","verb":"update","cancelRequested":false,"apiVersion":"v2","requestResource":{"@type":"type.googleapis.com/google.cloud.functions.v2.Function","name":"projects/koruapp-cfcd4/locations/us-central1/functions/obtenerPrediccion","buildConfig":{"runtime":"nodejs24","entryPoint":"obtenerPrediccion","source":{"storageSource":{"bucket":"gcf-v2-sources-79285172899-us-central1","object":"obtenerPrediccion/function-source.zip","generation":"1777488500553040"}},"environmentVariables":{"GOOGLE_NODE_RUN_SCRIPTS":""},"dockerRepository":"projects/koruapp-cfcd4/locations/us-central1/repositories/gcf-artifacts","serviceAccount":"projects/koruapp-cfcd4/serviceAccounts/79285172899-compute@developer.gserviceaccount.com","automaticUpdatePolicy":{}},"serviceConfig":{"service":"projects/koruapp-cfcd4/locations/us-central1/services/obtenerprediccion","timeoutSeconds":60,"environmentVariables":{"FIREBASE_CONFIG":"{\"projectId\":\"koruapp-cfcd4\",\"storageBucket\":\"koruapp-cfcd4.firebasestorage.app\"}","GCLOUD_PROJECT":"koruapp-cfcd4","EVENTARC_CLOUD_EVENT_SOURCE":"projects/koruapp-cfcd4/locations/us-central1/services/obtenerPrediccion","FUNCTION_TARGET":"obtenerPrediccion","LOG_EXECUTION_ID":"true"},"ingressSettings":"ALLOW_ALL","serviceAccountEmail":"79285172899-compute@developer.gserviceaccount.com","availableMemory":"256Mi","allTrafficOnLatestRevision":true,"revision":"obtenerprediccion-00001-rir","maxInstanceRequestConcurrency":80,"availableCpu":"1"},"state":"ACTIVE","labels":{"deployment-tool":"cloud-console","firebase-functions-hash":"d38fc7f066a2976ebf02bbc7ecc3af41985d9614"},"environment":"GEN_2","url":"https://us-central1-koruapp-cfcd4.cloudfunctions.net/obtenerPrediccion","satisfiesPzi":true},"stages":[{"name":"BUILD","message":"Build in progress","state":"IN_PROGRESS","resource":"projects/79285172899/locations/us-central1/builds/a01294a7-909a-47ed-8cbe-88aca15648ed","resourceUri":"https://console.cloud.google.com/cloud-build/builds;region=us-central1/a01294a7-909a-47ed-8cbe-88aca15648ed?project=79285172899"},{"name":"SERVICE","state":"NOT_STARTED"}],"operationType":"UPDATE_FUNCTION","buildName":"projects/79285172899/locations/us-central1/builds/a01294a7-909a-47ed-8cbe-88aca15648ed"},"done":false}
[debug] [2026-04-29T18:49:07.847Z] [update-default-us-central1-obtenerPrediccion] Retrying task index 0
[debug] [2026-04-29T18:49:07.848Z] Checked if tokens are valid: true, expires at: 1777491779660
[debug] [2026-04-29T18:49:07.848Z] Checked if tokens are valid: true, expires at: 1777491779660
[debug] [2026-04-29T18:49:07.848Z] >>> [apiv2][query] GET https://cloudfunctions.googleapis.com/v2/projects/koruapp-cfcd4/locations/us-central1/operations/operation-1777488499883-6509dcaa0bc97-ee7eaa84-f2fde6b5 [none]
[debug] [2026-04-29T18:49:08.050Z] <<< [apiv2][status] GET https://cloudfunctions.googleapis.com/v2/projects/koruapp-cfcd4/locations/us-central1/operations/operation-1777488499883-6509dcaa0bc97-ee7eaa84-f2fde6b5 200
[debug] [2026-04-29T18:49:08.050Z] <<< [apiv2][body] GET https://cloudfunctions.googleapis.com/v2/projects/koruapp-cfcd4/locations/us-central1/operations/operation-1777488499883-6509dcaa0bc97-ee7eaa84-f2fde6b5 {"name":"projects/koruapp-cfcd4/locations/us-central1/operations/operation-1777488499883-6509dcaa0bc97-ee7eaa84-f2fde6b5","metadata":{"@type":"type.googleapis.com/google.cloud.functions.v2.OperationMetadata","createTime":"2026-04-29T18:48:20.619511342Z","target":"projects/koruapp-cfcd4/locations/us-central1/functions/obtenerPrediccion","verb":"update","cancelRequested":false,"apiVersion":"v2","requestResource":{"@type":"type.googleapis.com/google.cloud.functions.v2.Function","name":"projects/koruapp-cfcd4/locations/us-central1/functions/obtenerPrediccion","buildConfig":{"runtime":"nodejs24","entryPoint":"obtenerPrediccion","source":{"storageSource":{"bucket":"gcf-v2-sources-79285172899-us-central1","object":"obtenerPrediccion/function-source.zip","generation":"1777488500553040"}},"environmentVariables":{"GOOGLE_NODE_RUN_SCRIPTS":""},"dockerRepository":"projects/koruapp-cfcd4/locations/us-central1/repositories/gcf-artifacts","serviceAccount":"projects/koruapp-cfcd4/serviceAccounts/79285172899-compute@developer.gserviceaccount.com","automaticUpdatePolicy":{}},"serviceConfig":{"service":"projects/koruapp-cfcd4/locations/us-central1/services/obtenerprediccion","timeoutSeconds":60,"environmentVariables":{"FIREBASE_CONFIG":"{\"projectId\":\"koruapp-cfcd4\",\"storageBucket\":\"koruapp-cfcd4.firebasestorage.app\"}","GCLOUD_PROJECT":"koruapp-cfcd4","EVENTARC_CLOUD_EVENT_SOURCE":"projects/koruapp-cfcd4/locations/us-central1/services/obtenerPrediccion","FUNCTION_TARGET":"obtenerPrediccion","LOG_EXECUTION_ID":"true"},"ingressSettings":"ALLOW_ALL","serviceAccountEmail":"79285172899-compute@developer.gserviceaccount.com","availableMemory":"256Mi","allTrafficOnLatestRevision":true,"revision":"obtenerprediccion-00001-rir","maxInstanceRequestConcurrency":80,"availableCpu":"1"},"state":"ACTIVE","labels":{"deployment-tool":"cloud-console","firebase-functions-hash":"d38fc7f066a2976ebf02bbc7ecc3af41985d9614"},"environment":"GEN_2","url":"https://us-central1-koruapp-cfcd4.cloudfunctions.net/obtenerPrediccion","satisfiesPzi":true},"stages":[{"name":"BUILD","message":"Build finished","state":"COMPLETE","resource":"projects/79285172899/locations/us-central1/builds/a01294a7-909a-47ed-8cbe-88aca15648ed","resourceUri":"https://console.cloud.google.com/cloud-build/builds;region=us-central1/a01294a7-909a-47ed-8cbe-88aca15648ed?project=79285172899"},{"name":"SERVICE","message":"Updating Cloud Run service","state":"IN_PROGRESS","resource":"projects/koruapp-cfcd4/locations/us-central1/services/obtenerprediccion","resourceUri":"https://console.cloud.google.com/run/detail/us-central1/obtenerprediccion?project=koruapp-cfcd4","stateMessages":[{"severity":"INFO","type":"CloudRunServiceNewRevisionTrafficInfo","message":"A new revision will be deployed serving with 100% traffic."}]}],"sourceToken":"ClZwcm9qZWN0cy83OTI4NTE3Mjg5OS9sb2NhdGlvbnMvdXMtY2VudHJhbDEvYnVpbGRzL2EwMTI5NGE3LTkwOWEtNDdlZC04Y2JlLTg4YWNhMTU2NDhlZBJxdXMtY2VudHJhbDEtZG9ja2VyLnBrZy5kZXYva29ydWFwcC1jZmNkNC9nY2YtYXJ0aWZhY3RzL2tvcnVhcHAtLWNmY2Q0X191cy0tY2VudHJhbDFfX29idGVuZXJfcHJlZGljY2lvbjp2ZXJzaW9uXzEYo/WOrqcCIkhwcm9qZWN0cy9rb3J1YXBwLWNmY2Q0L2xvY2F0aW9ucy91cy1jZW50cmFsMS9mdW5jdGlvbnMvb2J0ZW5lclByZWRpY2Npb24qCwidpcnPBhDI2dQPMghub2RlanMyNDp2CiNnY3IuaW8vZ2FlLXJ1bnRpbWVzL25vZGVqczI0OnN0YWJsZRJPdXMtY2VudHJhbDEtZG9ja2VyLnBrZy5kZXYvc2VydmVybGVzcy1ydW50aW1lcy9nb29nbGUtMjQtZnVsbC9ydW50aW1lcy9ub2RlanMyNEAB","operationType":"UPDATE_FUNCTION","buildName":"projects/79285172899/locations/us-central1/builds/a01294a7-909a-47ed-8cbe-88aca15648ed"},"done":false}
[debug] [2026-04-29T18:49:08.050Z] Got source token ClZwcm9qZWN0cy83OTI4NTE3Mjg5OS9sb2NhdGlvbnMvdXMtY2VudHJhbDEvYnVpbGRzL2EwMTI5NGE3LTkwOWEtNDdlZC04Y2JlLTg4YWNhMTU2NDhlZBJxdXMtY2VudHJhbDEtZG9ja2VyLnBrZy5kZXYva29ydWFwcC1jZmNkNC9nY2YtYXJ0aWZhY3RzL2tvcnVhcHAtLWNmY2Q0X191cy0tY2VudHJhbDFfX29idGVuZXJfcHJlZGljY2lvbjp2ZXJzaW9uXzEYo/WOrqcCIkhwcm9qZWN0cy9rb3J1YXBwLWNmY2Q0L2xvY2F0aW9ucy91cy1jZW50cmFsMS9mdW5jdGlvbnMvb2J0ZW5lclByZWRpY2Npb24qCwidpcnPBhDI2dQPMghub2RlanMyNDp2CiNnY3IuaW8vZ2FlLXJ1bnRpbWVzL25vZGVqczI0OnN0YWJsZRJPdXMtY2VudHJhbDEtZG9ja2VyLnBrZy5kZXYvc2VydmVybGVzcy1ydW50aW1lcy9nb29nbGUtMjQtZnVsbC9ydW50aW1lcy9ub2RlanMyNEAB for region us-central1
[debug] [2026-04-29T18:49:18.061Z] [update-default-us-central1-obtenerPrediccion] Retrying task index 0
[debug] [2026-04-29T18:49:18.061Z] Checked if tokens are valid: true, expires at: 1777491779660
[debug] [2026-04-29T18:49:18.061Z] Checked if tokens are valid: true, expires at: 1777491779660
[debug] [2026-04-29T18:49:18.061Z] >>> [apiv2][query] GET https://cloudfunctions.googleapis.com/v2/projects/koruapp-cfcd4/locations/us-central1/operations/operation-1777488499883-6509dcaa0bc97-ee7eaa84-f2fde6b5 [none]
[debug] [2026-04-29T18:49:18.568Z] <<< [apiv2][status] GET https://cloudfunctions.googleapis.com/v2/projects/koruapp-cfcd4/locations/us-central1/operations/operation-1777488499883-6509dcaa0bc97-ee7eaa84-f2fde6b5 200
[debug] [2026-04-29T18:49:18.568Z] <<< [apiv2][body] GET https://cloudfunctions.googleapis.com/v2/projects/koruapp-cfcd4/locations/us-central1/operations/operation-1777488499883-6509dcaa0bc97-ee7eaa84-f2fde6b5 {"name":"projects/koruapp-cfcd4/locations/us-central1/operations/operation-1777488499883-6509dcaa0bc97-ee7eaa84-f2fde6b5","metadata":{"@type":"type.googleapis.com/google.cloud.functions.v2.OperationMetadata","createTime":"2026-04-29T18:48:20.619511342Z","endTime":"2026-04-29T18:49:14.283914099Z","target":"projects/koruapp-cfcd4/locations/us-central1/functions/obtenerPrediccion","verb":"update","cancelRequested":false,"apiVersion":"v2","requestResource":{"@type":"type.googleapis.com/google.cloud.functions.v2.Function","name":"projects/koruapp-cfcd4/locations/us-central1/functions/obtenerPrediccion","buildConfig":{"runtime":"nodejs24","entryPoint":"obtenerPrediccion","source":{"storageSource":{"bucket":"gcf-v2-sources-79285172899-us-central1","object":"obtenerPrediccion/function-source.zip","generation":"1777488500553040"}},"environmentVariables":{"GOOGLE_NODE_RUN_SCRIPTS":""},"dockerRepository":"projects/koruapp-cfcd4/locations/us-central1/repositories/gcf-artifacts","serviceAccount":"projects/koruapp-cfcd4/serviceAccounts/79285172899-compute@developer.gserviceaccount.com","automaticUpdatePolicy":{}},"serviceConfig":{"service":"projects/koruapp-cfcd4/locations/us-central1/services/obtenerprediccion","timeoutSeconds":60,"environmentVariables":{"FIREBASE_CONFIG":"{\"projectId\":\"koruapp-cfcd4\",\"storageBucket\":\"koruapp-cfcd4.firebasestorage.app\"}","GCLOUD_PROJECT":"koruapp-cfcd4","EVENTARC_CLOUD_EVENT_SOURCE":"projects/koruapp-cfcd4/locations/us-central1/services/obtenerPrediccion","FUNCTION_TARGET":"obtenerPrediccion","LOG_EXECUTION_ID":"true"},"ingressSettings":"ALLOW_ALL","serviceAccountEmail":"79285172899-compute@developer.gserviceaccount.com","availableMemory":"256Mi","allTrafficOnLatestRevision":true,"revision":"obtenerprediccion-00001-rir","maxInstanceRequestConcurrency":80,"availableCpu":"1"},"state":"ACTIVE","labels":{"deployment-tool":"cloud-console","firebase-functions-hash":"d38fc7f066a2976ebf02bbc7ecc3af41985d9614"},"environment":"GEN_2","url":"https://us-central1-koruapp-cfcd4.cloudfunctions.net/obtenerPrediccion","satisfiesPzi":true},"stages":[{"name":"SERVICE","state":"NOT_STARTED"}],"operationType":"UPDATE_FUNCTION"},"done":true,"error":{"code":3,"message":"Could not create or update Cloud Run service obtenerprediccion, Container Healthcheck failed. The user-provided container failed to start and listen on the port defined provided by the PORT=8080 environment variable within the allocated timeout. This can happen when the container port is misconfigured or if the timeout is too short. The health check timeout can be extended. Logs for this revision might contain more information.\n\nLogs URL: https://console.cloud.google.com/logs/viewer?project=koruapp-cfcd4&resource=cloud_run_revision/service_name/obtenerprediccion/revision_name/obtenerprediccion-00003-cew&advancedFilter=resource.type%3D%22cloud_run_revision%22%0Aresource.labels.service_name%3D%22obtenerprediccion%22%0Aresource.labels.revision_name%3D%22obtenerprediccion-00003-cew%22 \nFor more troubleshooting guidance, see https://cloud.google.com/run/docs/troubleshooting#container-failed-to-start"}}
[debug] [2026-04-29T18:49:18.568Z] Got source token undefined for region us-central1
[error] Could not create or update Cloud Run service obtenerprediccion, Container Healthcheck failed. The user-provided container failed to start and listen on the port defined provided by the PORT=8080 environment variable within the allocated timeout. This can happen when the container port is misconfigured or if the timeout is too short. The health check timeout can be extended. Logs for this revision might contain more information.

Logs URL: https://console.cloud.google.com/logs/viewer?project=koruapp-cfcd4&resource=cloud_run_revision/service_name/obtenerprediccion/revision_name/obtenerprediccion-00003-cew&advancedFilter=resource.type%3D%22cloud_run_revision%22%0Aresource.labels.service_name%3D%22obtenerprediccion%22%0Aresource.labels.revision_name%3D%22obtenerprediccion-00003-cew%22 
For more troubleshooting guidance, see https://cloud.google.com/run/docs/troubleshooting#container-failed-to-start
[warn] !  functions: Deploys failed. Skipping deletes. 
[debug] [2026-04-29T18:49:18.573Z] Total Function Deployment time: 58777
[debug] [2026-04-29T18:49:18.573Z] 1 Functions Deployed
[debug] [2026-04-29T18:49:18.573Z] 1 Functions Errored
[debug] [2026-04-29T18:49:18.573Z] 0 Function Deployments Aborted
[debug] [2026-04-29T18:49:18.573Z] Average Function Deployment time: 58776
[info] 
[info] Functions deploy had errors with the following functions:
	obtenerPrediccion(us-central1)
[debug] [2026-04-29T18:49:21.806Z] Not printing URL for HTTPS function. Typically this means it didn't match a filter or we failed deployment
[debug] [2026-04-29T18:49:21.806Z] Checked if tokens are valid: true, expires at: 1777491779660
[debug] [2026-04-29T18:49:21.806Z] Checked if tokens are valid: true, expires at: 1777491779660
[debug] [2026-04-29T18:49:21.807Z] >>> [apiv2][query] GET https://artifactregistry.googleapis.com/v1/projects/koruapp-cfcd4/locations/us-central1/repositories/gcf-artifacts [none]
[debug] [2026-04-29T18:49:22.421Z] <<< [apiv2][status] GET https://artifactregistry.googleapis.com/v1/projects/koruapp-cfcd4/locations/us-central1/repositories/gcf-artifacts 200
[debug] [2026-04-29T18:49:22.421Z] <<< [apiv2][body] GET https://artifactregistry.googleapis.com/v1/projects/koruapp-cfcd4/locations/us-central1/repositories/gcf-artifacts {"name":"projects/koruapp-cfcd4/locations/us-central1/repositories/gcf-artifacts","format":"DOCKER","description":"This repository is created and used by Cloud Functions for storing function docker images.","labels":{"goog-managed-by":"cloudfunctions"},"createTime":"2026-04-29T17:58:29.311854Z","updateTime":"2026-04-29T18:48:56.597537Z","mode":"STANDARD_REPOSITORY","cleanupPolicies":{"firebase-functions-cleanup":{"id":"firebase-functions-cleanup","action":"DELETE","condition":{"tagState":"ANY","olderThan":"86400s"}}},"sizeBytes":"119497788","vulnerabilityScanningConfig":{"lastEnableTime":"2026-04-29T17:58:08.055876112Z","enablementState":"SCANNING_DISABLED","enablementStateReason":"API containerscanning.googleapis.com is not enabled."},"satisfiesPzi":true,"registryUri":"us-central1-docker.pkg.dev/koruapp-cfcd4/gcf-artifacts"}
[debug] [2026-04-29T18:49:22.421Z] Functions deploy failed.
[debug] [2026-04-29T18:49:22.421Z] {
  "endpoint": {
    "id": "obtenerPrediccion",
    "project": "koruapp-cfcd4",
    "region": "us-central1",
    "entryPoint": "obtenerPrediccion",
    "platform": "gcfv2",
    "runtime": "nodejs24",
    "httpsTrigger": {},
    "labels": {
      "deployment-tool": "cli-firebase"
    },
    "serviceAccount": null,
    "ingressSettings": null,
    "availableMemoryMb": null,
    "timeoutSeconds": null,
    "maxInstances": null,
    "minInstances": null,
    "concurrency": 80,
    "vpc": null,
    "environmentVariables": {
      "FIREBASE_CONFIG": "{\"projectId\":\"koruapp-cfcd4\",\"storageBucket\":\"koruapp-cfcd4.firebasestorage.app\"}",
      "GCLOUD_PROJECT": "koruapp-cfcd4",
      "EVENTARC_CLOUD_EVENT_SOURCE": "projects/koruapp-cfcd4/locations/us-central1/services/obtenerPrediccion",
      "FUNCTION_TARGET": "obtenerPrediccion",
      "LOG_EXECUTION_ID": "true"
    },
    "codebase": "default",
    "runServiceId": "obtenerprediccion",
    "cpu": 1,
    "securityLevel": "SECURE_ALWAYS",
    "targetedByOnly": false,
    "hash": "d38fc7f066a2976ebf02bbc7ecc3af41985d9614"
  },
  "op": "update",
  "original": {
    "name": "FirebaseError",
    "children": [],
    "exit": 1,
    "message": "Could not create or update Cloud Run service obtenerprediccion, Container Healthcheck failed. The user-provided container failed to start and listen on the port defined provided by the PORT=8080 environment variable within the allocated timeout. This can happen when the container port is misconfigured or if the timeout is too short. The health check timeout can be extended. Logs for this revision might contain more information.\n\nLogs URL: https://console.cloud.google.com/logs/viewer?project=koruapp-cfcd4&resource=cloud_run_revision/service_name/obtenerprediccion/revision_name/obtenerprediccion-00003-cew&advancedFilter=resource.type%3D%22cloud_run_revision%22%0Aresource.labels.service_name%3D%22obtenerprediccion%22%0Aresource.labels.revision_name%3D%22obtenerprediccion-00003-cew%22 \nFor more troubleshooting guidance, see https://cloud.google.com/run/docs/troubleshooting#container-failed-to-start",
    "original": {
      "code": 3,
      "message": "Could not create or update Cloud Run service obtenerprediccion, Container Healthcheck failed. The user-provided container failed to start and listen on the port defined provided by the PORT=8080 environment variable within the allocated timeout. This can happen when the container port is misconfigured or if the timeout is too short. The health check timeout can be extended. Logs for this revision might contain more information.\n\nLogs URL: https://console.cloud.google.com/logs/viewer?project=koruapp-cfcd4&resource=cloud_run_revision/service_name/obtenerprediccion/revision_name/obtenerprediccion-00003-cew&advancedFilter=resource.type%3D%22cloud_run_revision%22%0Aresource.labels.service_name%3D%22obtenerprediccion%22%0Aresource.labels.revision_name%3D%22obtenerprediccion-00003-cew%22 \nFor more troubleshooting guidance, see https://cloud.google.com/run/docs/troubleshooting#container-failed-to-start"
    },
    "status": 3,
    "code": 3
  }
}
[debug] [2026-04-29T18:49:22.521Z] Error: Failed to update function obtenerPrediccion in region us-central1
    at C:\Users\isaac\AppData\Roaming\npm\node_modules\firebase-tools\lib\deploy\functions\release\fabricator.js:454:19
    at process.processTicksAndRejections (node:internal/process/task_queues:103:5)
    at async Fabricator.updateV2Function (C:\Users\isaac\AppData\Roaming\npm\node_modules\firebase-tools\lib\deploy\functions\release\fabricator.js:438:32)
    at async Fabricator.updateEndpoint (C:\Users\isaac\AppData\Roaming\npm\node_modules\firebase-tools\lib\deploy\functions\release\fabricator.js:174:13)
    at async Fabricator.wrapOperation (C:\Users\isaac\AppData\Roaming\npm\node_modules\firebase-tools\lib\deploy\functions\release\fabricator.js:138:13)
    at async Promise.all (index 0)
    at async Promise.allSettled (index 0)
    at async Fabricator.applyPlan (C:\Users\isaac\AppData\Roaming\npm\node_modules\firebase-tools\lib\deploy\functions\release\fabricator.js:77:45)
    at async release (C:\Users\isaac\AppData\Roaming\npm\node_modules\firebase-tools\lib\deploy\functions\release\index.js:87:21)
    at async chain (C:\Users\isaac\AppData\Roaming\npm\node_modules\firebase-tools\lib\deploy\index.js:45:9)
[error] 
[error] Error: There was an error deploying functions
